\BOOKMARK [1][-]{section.1}{\376\377\000I\000n\000t\000r\000o\000d\000u\000c\000t\000i\000o\000n}{}% 1
\BOOKMARK [1][-]{section.2}{\376\377\000R\000e\000l\000a\000t\000e\000d\000\040\000w\000o\000r\000k}{}% 2
\BOOKMARK [1][-]{section.3}{\376\377\000S\000y\000s\000t\000e\000m}{}% 3
\BOOKMARK [2][-]{subsection.3.1}{\376\377\000T\000h\000e\000\040\000s\000t\000a\000t\000e\000\040\000m\000o\000d\000e\000l}{section.3}% 4
\BOOKMARK [2][-]{subsection.3.2}{\376\377\000S\000n\000a\000p\000s\000h\000o\000t\000s\000,\000\040\000b\000r\000a\000n\000c\000h\000e\000s\000,\000\040\000a\000n\000d\000\040\000w\000h\000y\000\040\000t\000h\000e\000\040\000p\000r\000o\000j\000e\000c\000t\000\040\000i\000s\000\040\000c\000a\000l\000l\000e\000d\000\040\000s\000t\000o\000r\000y\000g\000i\000t}{section.3}% 5
\BOOKMARK [2][-]{subsection.3.3}{\376\377\000T\000h\000e\000\040\000p\000r\000o\000p\000o\000s\000a\000l\000\040\000e\000n\000g\000i\000n\000e}{section.3}% 6
\BOOKMARK [3][-]{subsubsection.3.3.1}{\376\377\000W\000h\000a\000t\000\040\000t\000h\000e\000\040\000m\000o\000d\000e\000l\000\040\000i\000s\000\040\000a\000l\000l\000o\000w\000e\000d\000\040\000t\000o\000\040\000s\000e\000e}{subsection.3.3}% 7
\BOOKMARK [2][-]{subsection.3.4}{\376\377\000P\000r\000o\000p\000a\000g\000a\000t\000i\000o\000n}{section.3}% 8
\BOOKMARK [2][-]{subsection.3.5}{\376\377\000C\000o\000n\000t\000i\000n\000u\000i\000t\000y\000\040\000c\000h\000e\000c\000k\000i\000n\000g}{section.3}% 9
\BOOKMARK [2][-]{subsection.3.6}{\376\377\000D\000i\000v\000e\000r\000s\000i\000t\000y\000,\000\040\000a\000n\000d\000\040\000t\000h\000e\000\040\000d\000i\000a\000l}{section.3}% 10
\BOOKMARK [2][-]{subsection.3.7}{\376\377\000T\000h\000e\000\040\000p\000r\000e\000f\000e\000r\000e\000n\000c\000e\000\040\000l\000a\000y\000e\000r}{section.3}% 11
\BOOKMARK [3][-]{subsubsection.3.7.1}{\376\377\000T\000h\000e\000\040\000h\000e\000a\000d}{subsection.3.7}% 12
\BOOKMARK [2][-]{subsection.3.8}{\376\377\000T\000h\000e\000\040\000i\000n\000t\000e\000r\000f\000a\000c\000e\000,\000\040\000a\000n\000d\000\040\000w\000h\000y\000\040\000i\000t\000\040\000i\000s\000\040\000p\000a\000r\000t\000\040\000o\000f\000\040\000t\000h\000e\000\040\000a\000r\000g\000u\000m\000e\000n\000t}{section.3}% 13
\BOOKMARK [3][-]{subsubsection.3.8.1}{\376\377\000W\000h\000a\000t\000\040\000t\000h\000e\000\040\000r\000u\000n\000n\000i\000n\000g\000\040\000s\000y\000s\000t\000e\000m\000\040\000p\000r\000e\000s\000e\000n\000t\000s}{subsection.3.8}% 14
\BOOKMARK [1][-]{section.4}{\376\377\000E\000v\000a\000l\000u\000a\000t\000i\000o\000n}{}% 15
\BOOKMARK [2][-]{subsection.4.1}{\376\377\000R\000e\000s\000u\000l\000t\000s\000:\000\040\000t\000h\000e\000\040\000d\000e\000t\000e\000r\000m\000i\000n\000i\000s\000t\000i\000c\000\040\000t\000i\000e\000r}{section.4}% 16
\BOOKMARK [2][-]{subsection.4.2}{\376\377\000R\000e\000s\000u\000l\000t\000s\000:\000\040\000t\000h\000e\000\040\000l\000i\000v\000e\000\040\000t\000i\000e\000r}{section.4}% 17
\BOOKMARK [1][-]{section.5}{\376\377\000W\000h\000a\000t\000\040\000t\000h\000e\000\040\000m\000e\000a\000s\000u\000r\000e\000m\000e\000n\000t\000s\000\040\000c\000h\000a\000n\000g\000e\000d}{}% 18
\BOOKMARK [1][-]{section.6}{\376\377\000L\000i\000m\000i\000t\000a\000t\000i\000o\000n\000s}{}% 19
\BOOKMARK [1][-]{section.7}{\376\377\000C\000o\000n\000c\000l\000u\000s\000i\000o\000n}{}% 20
\BOOKMARK [1][-]{appendix.A}{\376\377\000D\000e\000c\000i\000s\000i\000o\000n\000s\000,\000\040\000a\000n\000d\000\040\000t\000h\000e\000\040\000a\000l\000t\000e\000r\000n\000a\000t\000i\000v\000e\000s\000\040\000r\000e\000j\000e\000c\000t\000e\000d}{}% 21
\BOOKMARK [2][-]{subsection.A.1}{\376\377\000F\000r\000e\000e\000-\000t\000i\000e\000r\000\040\000k\000e\000y\000s\000\040\000f\000o\000r\000\040\000a\000l\000l\000\040\000o\000f\000\040\000i\000t\000,\000\040\000w\000i\000t\000h\000\040\000t\000h\000e\000\040\000m\000e\000t\000e\000r\000e\000d\000\040\000b\000u\000d\000g\000e\000t\000\040\000h\000e\000l\000d\000\040\000i\000n\000\040\000r\000e\000s\000e\000r\000v\000e}{appendix.A}% 22
\BOOKMARK [2][-]{subsection.A.2}{\376\377\000P\000u\000r\000p\000o\000s\000e\000-\000t\000a\000g\000\040\000r\000o\000u\000t\000i\000n\000g\000\040\000r\000a\000t\000h\000e\000r\000\040\000t\000h\000a\000n\000\040\000p\000e\000r\000-\000c\000a\000l\000l\000-\000s\000i\000t\000e\000\040\000p\000r\000o\000v\000i\000d\000e\000r\000\040\000c\000h\000o\000i\000c\000e}{appendix.A}% 23
\BOOKMARK [2][-]{subsection.A.3}{\376\377\000D\000i\000f\000f\000s\000\040\000r\000a\000t\000h\000e\000r\000\040\000t\000h\000a\000n\000\040\000r\000e\000p\000l\000a\000c\000e\000m\000e\000n\000t\000\040\000t\000e\000x\000t}{appendix.A}% 24
\BOOKMARK [2][-]{subsection.A.4}{\376\377\000D\000e\000c\000l\000a\000r\000e\000d\000\040\000d\000e\000p\000e\000n\000d\000e\000n\000c\000i\000e\000s\000\040\000r\000a\000t\000h\000e\000r\000\040\000t\000h\000a\000n\000\040\000i\000n\000f\000e\000r\000r\000e\000d\000\040\000o\000n\000e\000s}{appendix.A}% 25
\BOOKMARK [2][-]{subsection.A.5}{\376\377\000A\000\040\000c\000l\000o\000s\000e\000d\000\040\000p\000r\000e\000d\000i\000c\000a\000t\000e\000\040\000v\000o\000c\000a\000b\000u\000l\000a\000r\000y}{appendix.A}% 26
\BOOKMARK [2][-]{subsection.A.6}{\376\377\000C\000o\000n\000t\000e\000n\000t\000-\000a\000d\000d\000r\000e\000s\000s\000e\000d\000\040\000s\000n\000a\000p\000s\000h\000o\000t\000s}{appendix.A}% 27
\BOOKMARK [2][-]{subsection.A.7}{\376\377\000A\000x\000i\000s\000-\000c\000o\000n\000d\000i\000t\000i\000o\000n\000e\000d\000\040\000s\000a\000m\000p\000l\000i\000n\000g\000\040\000r\000a\000t\000h\000e\000r\000\040\000t\000h\000a\000n\000\040\000a\000\040\000s\000i\000m\000i\000l\000a\000r\000i\000t\000y\000\040\000p\000e\000n\000a\000l\000t\000y}{appendix.A}% 28
\BOOKMARK [2][-]{subsection.A.8}{\376\377\000A\000\040\000c\000a\000l\000i\000b\000r\000a\000t\000e\000d\000\040\000N\000L\000I\000\040\000t\000h\000r\000e\000s\000h\000o\000l\000d\000\040\000r\000a\000t\000h\000e\000r\000\040\000t\000h\000a\000n\000\040\000a\000\040\000c\000h\000o\000s\000e\000n\000\040\000o\000n\000e}{appendix.A}% 29
\BOOKMARK [2][-]{subsection.A.9}{\376\377\000M\000a\000r\000k\000i\000n\000g\000\040\000r\000a\000t\000h\000e\000r\000\040\000t\000h\000a\000n\000\040\000a\000u\000t\000o\000-\000r\000e\000p\000a\000i\000r}{appendix.A}% 30
\BOOKMARK [2][-]{subsection.A.10}{\376\377\0001\0003\000\040\000i\000n\000t\000e\000r\000p\000r\000e\000t\000a\000b\000l\000e\000\040\000f\000e\000a\000t\000u\000r\000e\000s\000\040\000r\000a\000t\000h\000e\000r\000\040\000t\000h\000a\000n\000\040\000a\000\040\000l\000e\000a\000r\000n\000e\000d\000\040\000r\000e\000p\000r\000e\000s\000e\000n\000t\000a\000t\000i\000o\000n}{appendix.A}% 31
\BOOKMARK [2][-]{subsection.A.11}{\376\377\000S\000Q\000L\000i\000t\000e}{appendix.A}% 32
\BOOKMARK [1][-]{appendix.B}{\376\377\000T\000h\000e\000\040\000w\000r\000i\000t\000e\000r\000\040\000l\000e\000d\000g\000e\000r\000,\000\040\000a\000n\000d\000\040\000p\000r\000o\000v\000e\000n\000a\000n\000c\000e}{}% 33
\BOOKMARK [1][-]{appendix.C}{\376\377\000C\000o\000m\000p\000o\000n\000e\000n\000t\000s}{}% 34
\BOOKMARK [1][-]{appendix.D}{\376\377\000T\000h\000e\000\040\000p\000r\000o\000p\000o\000s\000a\000l\000\040\000e\000n\000g\000i\000n\000e\000\040\000i\000n\000\040\000d\000e\000t\000a\000i\000l}{}% 35
\BOOKMARK [2][-]{subsection.D.1}{\376\377\000P\000r\000o\000g\000r\000e\000s\000s\000i\000v\000e\000\040\000l\000e\000v\000e\000l\000s}{appendix.D}% 36
\BOOKMARK [2][-]{subsection.D.2}{\376\377\000E\000x\000t\000r\000a\000c\000t\000i\000o\000n\000,\000\040\000a\000n\000d\000\040\000t\000h\000e\000\040\000c\000l\000o\000s\000e\000d\000\040\000v\000o\000c\000a\000b\000u\000l\000a\000r\000y}{appendix.D}% 37
\BOOKMARK [2][-]{subsection.D.3}{\376\377\000T\000h\000e\000\040\000g\000e\000n\000e\000r\000a\000t\000i\000o\000n\000\040\000l\000o\000o\000p}{appendix.D}% 38
\BOOKMARK [1][-]{appendix.E}{\376\377\000C\000o\000n\000t\000i\000n\000u\000i\000t\000y\000\040\000c\000h\000e\000c\000k\000i\000n\000g\000\040\000i\000n\000\040\000d\000e\000t\000a\000i\000l}{}% 39
\BOOKMARK [2][-]{subsection.E.1}{\376\377\000W\000h\000a\000t\000\040\000a\000\040\000f\000l\000a\000g\000\040\000m\000u\000s\000t\000\040\000c\000a\000r\000r\000y}{appendix.E}% 40
\BOOKMARK [2][-]{subsection.E.2}{\376\377\000T\000h\000e\000\040\000b\000i\000b\000l\000e\000\040\000d\000i\000f\000f}{appendix.E}% 41
\BOOKMARK [2][-]{subsection.E.3}{\376\377\000T\000h\000e\000\040\000p\000e\000r\000i\000o\000d\000i\000c\000\040\000a\000u\000d\000i\000t}{appendix.E}% 42
\BOOKMARK [1][-]{appendix.F}{\376\377\000T\000h\000e\000\040\000p\000r\000e\000f\000e\000r\000e\000n\000c\000e\000\040\000l\000a\000y\000e\000r\000\040\000i\000n\000\040\000d\000e\000t\000a\000i\000l}{}% 43
\BOOKMARK [2][-]{subsection.F.1}{\376\377\000T\000h\000e\000\040\000s\000i\000g\000n\000a\000l\000\040\000i\000s\000\040\000a\000\040\000c\000o\000m\000p\000a\000r\000i\000s\000o\000n}{appendix.F}% 44
\BOOKMARK [2][-]{subsection.F.2}{\376\377\000T\000h\000e\000\040\000d\000a\000t\000a\000\040\000r\000e\000g\000i\000m\000e}{appendix.F}% 45
\BOOKMARK [2][-]{subsection.F.3}{\376\377\000S\000i\000x\000\040\000l\000e\000a\000r\000n\000e\000r\000s\000,\000\040\000s\000i\000x\000\040\000d\000a\000t\000a\000\040\000a\000p\000p\000e\000t\000i\000t\000e\000s}{appendix.F}% 46
\BOOKMARK [2][-]{subsection.F.4}{\376\377\000T\000h\000e\000\040\000v\000o\000i\000c\000e\000\040\000m\000o\000d\000e\000l}{appendix.F}% 47
\BOOKMARK [2][-]{subsection.F.5}{\376\377\000E\000x\000p\000l\000o\000r\000a\000t\000i\000o\000n}{appendix.F}% 48
\BOOKMARK [1][-]{appendix.G}{\376\377\000D\000i\000v\000e\000r\000s\000i\000t\000y\000\040\000a\000n\000d\000\040\000t\000h\000e\000\040\000d\000i\000a\000l\000\040\000i\000n\000\040\000d\000e\000t\000a\000i\000l}{}% 49
\BOOKMARK [2][-]{subsection.G.1}{\376\377\000H\000a\000r\000d\000\040\000c\000o\000n\000s\000t\000r\000a\000i\000n\000t\000s\000,\000\040\000a\000n\000d\000\040\000w\000h\000a\000t\000\040\000e\000n\000f\000o\000r\000c\000i\000n\000g\000\040\000t\000h\000e\000m\000\040\000c\000o\000s\000t}{appendix.G}% 50
\BOOKMARK [1][-]{appendix.H}{\376\377\000E\000v\000a\000l\000u\000a\000t\000i\000o\000n\000\040\000d\000e\000s\000i\000g\000n\000\040\000i\000n\000\040\000d\000e\000t\000a\000i\000l}{}% 51
\BOOKMARK [2][-]{subsection.H.1}{\376\377\000W\000h\000a\000t\000\040\000t\000h\000e\000\040\000p\000r\000o\000b\000e\000\040\000f\000o\000u\000n\000d\000,\000\040\000i\000n\000\040\000d\000e\000t\000a\000i\000l}{appendix.H}% 52
\BOOKMARK [2][-]{subsection.H.2}{\376\377\000S\000i\000m\000u\000l\000a\000t\000e\000d\000\040\000w\000r\000i\000t\000e\000r\000s}{appendix.H}% 53
\BOOKMARK [2][-]{subsection.H.3}{\376\377\000G\000r\000o\000u\000n\000d\000\040\000t\000r\000u\000t\000h\000\040\000b\000y\000\040\000c\000o\000n\000s\000t\000r\000u\000c\000t\000i\000o\000n}{appendix.H}% 54
\BOOKMARK [1][-]{appendix.I}{\376\377\000R\000e\000p\000r\000o\000d\000u\000c\000t\000i\000o\000n}{}% 55
